MPLINK 4.30, Linker
Linker Map File - Created Thu Dec 01 20:20:07 2011

                                 Section Info
                  Section       Type    Address   Location Size(Bytes)
                ---------  ---------  ---------  ---------  ---------
                   .org_0       code   0x000000    program   0x000000
                   .org_1       code   0x000000    program   0x000002
                   .org_2       code   0x000004    program   0x00012a
  .config_2007_SERIAL_1.O       code   0x002007    program   0x000002



                              Program Memory Usage 
                               Start         End      
                           ---------   ---------      
                            0x000000    0x000000      
                            0x000004    0x000098      
                            0x002007    0x002007      
            151 out of 2183 program addresses used, program memory utilization is 6%



                              Symbols - Sorted by Name
                     Name    Address   Location    Storage File                     
                ---------  ---------  ---------  --------- ---------                
             ATIVA_ALARME   0x000026    program     static C:\tcc\Assembly\asm_final\final\serial_1.asm
        ATIVA_LOCALIZADOR   0x00003f    program     static C:\tcc\Assembly\asm_final\final\serial_1.asm
                 CONVERTE   0x00001d    program     static C:\tcc\Assembly\asm_final\final\serial_1.asm
               DECODIFICA   0x00005b    program     static C:\tcc\Assembly\asm_final\final\serial_1.asm
        DECODIFICA_ALARME   0x000067    program     static C:\tcc\Assembly\asm_final\final\serial_1.asm
   DECODIFICA_LOCALIZADOR   0x000073    program     static C:\tcc\Assembly\asm_final\final\serial_1.asm
          DESATIVA_ALARME   0x00003a    program     static C:\tcc\Assembly\asm_final\final\serial_1.asm
     DESATIVA_LOCALIZADOR   0x00004f    program     static C:\tcc\Assembly\asm_final\final\serial_1.asm
          DESTRAVA_PORTAS   0x000056    program     static C:\tcc\Assembly\asm_final\final\serial_1.asm
               INICIALIZA   0x000005    program     static C:\tcc\Assembly\asm_final\final\serial_1.asm
                   INICIO   0x000088    program     static C:\tcc\Assembly\asm_final\final\serial_1.asm
                PRINCIPAL   0x00000c    program     static C:\tcc\Assembly\asm_final\final\serial_1.asm
                RX_SERIAL   0x000013    program     static C:\tcc\Assembly\asm_final\final\serial_1.asm
                    SALVA   0x000020    program     static C:\tcc\Assembly\asm_final\final\serial_1.asm
                    TEMPO   0x00007f    program     static C:\tcc\Assembly\asm_final\final\serial_1.asm
             TRAVA_PORTAS   0x000051    program     static C:\tcc\Assembly\asm_final\final\serial_1.asm
                TX_SERIAL   0x000018    program     static C:\tcc\Assembly\asm_final\final\serial_1.asm



                              Symbols - Sorted by Address
                     Name    Address   Location    Storage File                     
                ---------  ---------  ---------  --------- ---------                
               INICIALIZA   0x000005    program     static C:\tcc\Assembly\asm_final\final\serial_1.asm
                PRINCIPAL   0x00000c    program     static C:\tcc\Assembly\asm_final\final\serial_1.asm
                RX_SERIAL   0x000013    program     static C:\tcc\Assembly\asm_final\final\serial_1.asm
                TX_SERIAL   0x000018    program     static C:\tcc\Assembly\asm_final\final\serial_1.asm
                 CONVERTE   0x00001d    program     static C:\tcc\Assembly\asm_final\final\serial_1.asm
                    SALVA   0x000020    program     static C:\tcc\Assembly\asm_final\final\serial_1.asm
             ATIVA_ALARME   0x000026    program     static C:\tcc\Assembly\asm_final\final\serial_1.asm
          DESATIVA_ALARME   0x00003a    program     static C:\tcc\Assembly\asm_final\final\serial_1.asm
        ATIVA_LOCALIZADOR   0x00003f    program     static C:\tcc\Assembly\asm_final\final\serial_1.asm
     DESATIVA_LOCALIZADOR   0x00004f    program     static C:\tcc\Assembly\asm_final\final\serial_1.asm
             TRAVA_PORTAS   0x000051    program     static C:\tcc\Assembly\asm_final\final\serial_1.asm
          DESTRAVA_PORTAS   0x000056    program     static C:\tcc\Assembly\asm_final\final\serial_1.asm
               DECODIFICA   0x00005b    program     static C:\tcc\Assembly\asm_final\final\serial_1.asm
        DECODIFICA_ALARME   0x000067    program     static C:\tcc\Assembly\asm_final\final\serial_1.asm
   DECODIFICA_LOCALIZADOR   0x000073    program     static C:\tcc\Assembly\asm_final\final\serial_1.asm
                    TEMPO   0x00007f    program     static C:\tcc\Assembly\asm_final\final\serial_1.asm
                   INICIO   0x000088    program     static C:\tcc\Assembly\asm_final\final\serial_1.asm


