MPLINK 4.36, Linker
Linker Map File - Created Thu Mar 24 17:30:32 2011

                                 Section Info
                  Section       Type    Address   Location Size(Bytes)
                ---------  ---------  ---------  ---------  ---------
                   .org_0       code   0x000000    program   0x000000
                   .org_1       code   0x000000    program   0x000002
                   .org_2       code   0x000004    program   0x0000b4
  .config_2007_SERIAL_1.O       code   0x002007    program   0x000002



                              Program Memory Usage 
                               Start         End      
                           ---------   ---------      
                            0x000000    0x000000      
                            0x000004    0x00005d      
                            0x002007    0x002007      
            92 out of 2183 program addresses used, program memory utilization is 4%



                              Symbols - Sorted by Name
                     Name    Address   Location    Storage File                     
                ---------  ---------  ---------  --------- ---------                
                   ACIONA   0x00001f    program     static D:\2011\AlarmeCelular\TCC\asm\TESTE1\serial_1.asm
                    BOTAO   0x000013    program     static D:\2011\AlarmeCelular\TCC\asm\TESTE1\serial_1.asm
                  DESL_S1   0x000032    program     static D:\2011\AlarmeCelular\TCC\asm\TESTE1\serial_1.asm
                  DESL_S2   0x000036    program     static D:\2011\AlarmeCelular\TCC\asm\TESTE1\serial_1.asm
                   INICIO   0x00004e    program     static D:\2011\AlarmeCelular\TCC\asm\TESTE1\serial_1.asm
                  LIGA_S1   0x000030    program     static D:\2011\AlarmeCelular\TCC\asm\TESTE1\serial_1.asm
                  LIGA_S2   0x000034    program     static D:\2011\AlarmeCelular\TCC\asm\TESTE1\serial_1.asm
              MONITOR_PIC   0x000005    program     static D:\2011\AlarmeCelular\TCC\asm\TESTE1\serial_1.asm
                PRINCIPAL   0x00000c    program     static D:\2011\AlarmeCelular\TCC\asm\TESTE1\serial_1.asm
                   RECEBE   0x00001c    program     static D:\2011\AlarmeCelular\TCC\asm\TESTE1\serial_1.asm
               TEMPO_10MS   0x000045    program     static D:\2011\AlarmeCelular\TCC\asm\TESTE1\serial_1.asm
                 TEMPO_1S   0x000038    program     static D:\2011\AlarmeCelular\TCC\asm\TESTE1\serial_1.asm
                TRANSMITE   0x000017    program     static D:\2011\AlarmeCelular\TCC\asm\TESTE1\serial_1.asm



                              Symbols - Sorted by Address
                     Name    Address   Location    Storage File                     
                ---------  ---------  ---------  --------- ---------                
              MONITOR_PIC   0x000005    program     static D:\2011\AlarmeCelular\TCC\asm\TESTE1\serial_1.asm
                PRINCIPAL   0x00000c    program     static D:\2011\AlarmeCelular\TCC\asm\TESTE1\serial_1.asm
                    BOTAO   0x000013    program     static D:\2011\AlarmeCelular\TCC\asm\TESTE1\serial_1.asm
                TRANSMITE   0x000017    program     static D:\2011\AlarmeCelular\TCC\asm\TESTE1\serial_1.asm
                   RECEBE   0x00001c    program     static D:\2011\AlarmeCelular\TCC\asm\TESTE1\serial_1.asm
                   ACIONA   0x00001f    program     static D:\2011\AlarmeCelular\TCC\asm\TESTE1\serial_1.asm
                  LIGA_S1   0x000030    program     static D:\2011\AlarmeCelular\TCC\asm\TESTE1\serial_1.asm
                  DESL_S1   0x000032    program     static D:\2011\AlarmeCelular\TCC\asm\TESTE1\serial_1.asm
                  LIGA_S2   0x000034    program     static D:\2011\AlarmeCelular\TCC\asm\TESTE1\serial_1.asm
                  DESL_S2   0x000036    program     static D:\2011\AlarmeCelular\TCC\asm\TESTE1\serial_1.asm
                 TEMPO_1S   0x000038    program     static D:\2011\AlarmeCelular\TCC\asm\TESTE1\serial_1.asm
               TEMPO_10MS   0x000045    program     static D:\2011\AlarmeCelular\TCC\asm\TESTE1\serial_1.asm
                   INICIO   0x00004e    program     static D:\2011\AlarmeCelular\TCC\asm\TESTE1\serial_1.asm


