MPASM  5.34                      SEMAFORO.ASM   4-4-2011  21:16:26         PAGE  1


LOC  OBJECT CODE     LINE SOURCE TEXT
  VALUE

                      00001 ;CÓDIGO BASE
                      00002 ;PIC16F628A
                      00003 ;OSCILADOR INTERNO 4MHZ
                      00004 ;PROF. IVAIR TEIXERA
                      00005 
                      00006 ; ******************************************************************************
                      00007 ;                         CONFIGURAÇÃO DO MICROCONTROLADOR.
                      00008 ; ******************************************************************************
                      00009     LIST                P=16F628A                 ;INFORMA O PIC UTILIZADO. 
                      00010     INCLUDE     <P16F628A.INC>            ;INCLUSÃO DA BIBLIOTECA.
                      00001         LIST
                      00002 ; P16F628A.INC  Standard Header File, Version 1.10    Microchip Technology, Inc.
                      00265         LIST
                      00266 
2007   3F18           00011     __CONFIG    _CP_OFF & _WDT_OFF & _PWRTE_OFF & _BODEN_OFF & _MCLRE_OFF   &   _INTRC_OSC_NOCLKOUT   & 
                              _LVP_OFF 
                      00012                 ;ATENÇÃO O CONFIG TEM QUE SER EM UMA ÚNICA LINHA.
                      00013     ERRORLEVEL  -302                      ;RETIRA MSG OPERAÇÃO NO BANCO 1.
                      00014 
                      00015 ; ******************************************************************************
                      00016 ;                          DECLARAÇÃO DE VARIÁVEIS E CONSTANTES.
                      00017 ; ******************************************************************************
                      00018     
                      00019     CBLOCK 0X20                         ;0X20 É O INÍCIO DA MEMÓRIA RAM
  00000020            00020         T1                                  ;T1 NO ENDEREÇO 0X20
  00000021            00021         T2                                  ;T2 NO ENDEREÇO 0X21
  00000022            00022                 T3
                      00023     ENDC
                      00024     #DEFINE     S2       PORTA,0        ;DEFINE QUE S2 = PORTA,0
                      00025         #DEFINE         S1       PORTA,3        ;DEFINE QUE S2 = PORTA,3
                      00026         #DEFINE         VM1  PORTB,1        ;DEFINE QUE S2 = PORTB,1
                      00027         #DEFINE         AM1      PORTB,2        ;DEFINE QUE S2 = PORTB,2
                      00028         #DEFINE         VD1  PORTB,3        ;DEFINE QUE S2 = PORTB,3
                      00029         #DEFINE         VM2  PORTB,6        ;DEFINE QUE S2 = PORTB,6
                      00030         #DEFINE         AM2      PORTB,5        ;DEFINE QUE S2 = PORTA,5
                      00031         #DEFINE         VD2  PORTB,4        ;DEFINE QUE S2 = PORTA,4
                      00032         
                      00033         
                      00034         
                      00035 
                      00036 ; ******************************************************************************
                      00037 ;                          VETORES DE RESET E INTERRUPÇÃO.
                      00038 ; ******************************************************************************
                      00039 
0000                  00040     ORG 0X00                                    ;A EXECUÇÃO INICIA NESSE ENDEREÇO.
0000   2843           00041     GOTO           INICIO                   ;VAI PARA A SUB-ROTINA INÍCIO. 
                      00042         
0004                  00043     ORG 0X04                            ;VEM NESSE ENDEREÇO COM A INTERRUPÇÃO.
0004   0009           00044     RETFIE                                  ;RETORNA DA INTERRUPÇÃO.
                      00045 
                      00046 ; ******************************************************************************
                      00047 ;                                 ROTINAS GERAIS.
                      00048 ; ******************************************************************************
MPASM  5.34                      SEMAFORO.ASM   4-4-2011  21:16:26         PAGE  2


LOC  OBJECT CODE     LINE SOURCE TEXT
  VALUE

0005                  00049 PISTA1_ABERTA
0005   1586           00050         BSF VD1
0006   1106           00051         BCF AM1
0007   1086           00052         BCF VM1
0008   1706           00053         BSF VM2
0009   1286           00054         BCF AM2
000A   1206           00055         BCF VD2
000B   1805           00056     BTFSC S2
000C   2805           00057         GOTO PISTA1_ABERTA
000D   2036           00058         CALL    TEMPO_2S
000E   2036           00059         CALL    TEMPO_2S
000F   2036           00060         CALL    TEMPO_2S        
0010   2811           00061         GOTO PISTA1_ATENCAO
                      00062 
0011                  00063 PISTA1_ATENCAO
0011   1186           00064         BCF VD1
0012   1506           00065         BSF AM1
0013   1086           00066         BCF VM1
0014   1706           00067         BSF VM2
0015   1286           00068         BCF AM2
0016   1206           00069         BCF VD2
0017   2036           00070     CALL TEMPO_2S
0018   2819           00071         GOTO PISTA2_ABERTA
                      00072 
0019                  00073 PISTA2_ABERTA
0019   1186           00074         BCF     VD1
001A   1106           00075         BCF     AM1
001B   1486           00076         BSF     VM1
001C   1306           00077         BCF     VM2
001D   1286           00078         BCF     AM2
001E   1606           00079         BSF     VD2
001F   1985           00080         BTFSC   S1
0020   2819           00081         GOTO    PISTA2_ABERTA
0021   2036           00082         CALL    TEMPO_2S
0022   2036           00083         CALL    TEMPO_2S
0023   2036           00084         CALL    TEMPO_2S        
0024   2825           00085         GOTO    PISTA2_ATENCAO
                      00086 
0025                  00087 PISTA2_ATENCAO
0025   1186           00088         BCF VD1
0026   1106           00089         BCF AM1
0027   1486           00090         BSF VM1
0028   1306           00091         BCF VM2
0029   1686           00092         BSF AM2
002A   1206           00093         BCF VD2
002B   2036           00094     CALL TEMPO_2S
002C   2805           00095         GOTO PISTA1_ABERTA
                      00096         
                      00097 
                      00098 ; ******************************************************************************
                      00099 ;                                 ROTINAS DE TEMPORIZAÇÃO.
                      00100 ; ******************************************************************************
002D                  00101 TEMPO                               ;TEMPO DE 196MS
MPASM  5.34                      SEMAFORO.ASM   4-4-2011  21:16:26         PAGE  3


LOC  OBJECT CODE     LINE SOURCE TEXT
  VALUE

002D   30FF           00102     MOVLW       .255
002E   00A1           00103     MOVWF       T2                                  ;INICIALIZA T2 COM 255
002F   30FF           00104     MOVLW       .255
0030   00A0           00105     MOVWF       T1                      ;INICIALIZA T1 COM 255
0031   0BA0           00106     DECFSZ      T1, F                           ;DECREMENTA T1 E SALTA SE T1 = 0
0032   2831           00107     GOTO        $-1                                 ;VOLTA UMA LINHA
0033   0BA1           00108     DECFSZ      T2, F
0034   282F           00109     GOTO        $-5
0035   0008           00110     RETURN                                          ;RETORNA DA CHAMADA CALL
                      00111 
0036                  00112 TEMPO_2S                               ;TEMPO DE 196MS
0036   3018           00113     MOVLW   .24
0037   00A2           00114     MOVWF   T3 
0038   30A6           00115     MOVLW       .166
0039   00A1           00116     MOVWF       T2                                  ;INICIALIZA T2 COM 255
003A   30A6           00117     MOVLW       .166
003B   00A0           00118     MOVWF       T1                      ;INICIALIZA T1 COM 255
003C   0BA0           00119     DECFSZ      T1, F                           ;DECREMENTA T1 E SALTA SE T1 = 0
003D   283C           00120     GOTO        $-1                                 ;VOLTA UMA LINHA
003E   0BA1           00121     DECFSZ      T2, F
003F   283A           00122     GOTO        $-5
0040   0BA2           00123         DECFSZ  T3, F
0041   2838           00124         GOTO    $-9
0042   0008           00125     RETURN                                          ;RETORNA DA CHAMADA CALL
                      00126 
                      00127 ; ******************************************************************************
                      00128 ;                               CONFIGURAÇÃO INICIAL.
                      00129 ; ******************************************************************************
0043                  00130 INICIO
0043   1683           00131     BSF     STATUS,RP0                      ;VAI PARA O BANCO 1
0044   3009           00132     MOVLW   B'00001001'                         ;0=SAÍDA    1=ENTRADA
0045   0085           00133     MOVWF   TRISA                                   ;PORTA,0 ENTRADA RESTANTE SAÍDA
0046   3000           00134     MOVLW   B'00000000'                         ;0=SAÍDA    1=ENTRADA
0047   0086           00135     MOVWF   TRISB                                   ;PORTB TODO SAÍDA
0048   1283           00136     BCF     STATUS,RP0                  ;VOLTA PARA O BANCO 0
0049   3007           00137     MOVLW   B'00000111'                 ;MOVE 00000111 PARA W
004A   009F           00138     MOVWF   CMCON                   ;DESABILITA OS COMPARADORES ANALÓGICOS
004B   0185           00139     CLRF    PORTA                           ;INICIALIZA PORTA COM 0
004C   0186           00140     CLRF    PORTB                               
004D   2805           00141     GOTO    PISTA1_ABERTA                       ;VAI PARA A ROTINA PRINCIPAL    
                      00142 
                      00143     END
MPASM  5.34                      SEMAFORO.ASM   4-4-2011  21:16:26         PAGE  4


SYMBOL TABLE
  LABEL                             VALUE 

ADEN                              00000003
AM1                               PORTB,2
AM2                               PORTB,5
BRGH                              00000002
C                                 00000000
C1INV                             00000004
C1OUT                             00000006
C2INV                             00000005
C2OUT                             00000007
CCP1CON                           00000017
CCP1IE                            00000002
CCP1IF                            00000002
CCP1M0                            00000000
CCP1M1                            00000001
CCP1M2                            00000002
CCP1M3                            00000003
CCP1X                             00000005
CCP1Y                             00000004
CCPR1H                            00000016
CCPR1L                            00000015
CIS                               00000003
CM0                               00000000
CM1                               00000001
CM2                               00000002
CMCON                             0000001F
CMIE                              00000006
CMIF                              00000006
CREN                              00000004
CSRC                              00000007
DC                                00000001
EEADR                             0000009B
EECON1                            0000009C
EECON2                            0000009D
EEDATA                            0000009A
EEIE                              00000007
EEIF                              00000007
F                                 00000001
FERR                              00000002
FSR                               00000004
GIE                               00000007
INDF                              00000000
INICIO                            00000043
INTCON                            0000000B
INTE                              00000004
INTEDG                            00000006
INTF                              00000001
IRP                               00000007
NOT_BO                            00000000
NOT_BOD                           00000000
NOT_BOR                           00000000
NOT_PD                            00000003
NOT_POR                           00000001
NOT_RBPU                          00000007
MPASM  5.34                      SEMAFORO.ASM   4-4-2011  21:16:26         PAGE  5


SYMBOL TABLE
  LABEL                             VALUE 

NOT_T1SYNC                        00000002
NOT_TO                            00000004
OERR                              00000001
OPTION_REG                        00000081
OSCF                              00000003
PCL                               00000002
PCLATH                            0000000A
PCON                              0000008E
PEIE                              00000006
PIE1                              0000008C
PIR1                              0000000C
PISTA1_ABERTA                     00000005
PISTA1_ATENCAO                    00000011
PISTA2_ABERTA                     00000019
PISTA2_ATENCAO                    00000025
PORTA                             00000005
PORTB                             00000006
PR2                               00000092
PS0                               00000000
PS1                               00000001
PS2                               00000002
PSA                               00000003
RBIE                              00000003
RBIF                              00000000
RCIE                              00000005
RCIF                              00000005
RCREG                             0000001A
RCSTA                             00000018
RD                                00000000
RP0                               00000005
RP1                               00000006
RX9                               00000006
RX9D                              00000000
S1                                PORTA,3
S2                                PORTA,0
SPBRG                             00000099
SPEN                              00000007
SREN                              00000005
STATUS                            00000003
SYNC                              00000004
T0CS                              00000005
T0IE                              00000005
T0IF                              00000002
T0SE                              00000004
T1                                00000020
T1CKPS0                           00000004
T1CKPS1                           00000005
T1CON                             00000010
T1OSCEN                           00000003
T2                                00000021
T2CKPS0                           00000000
T2CKPS1                           00000001
T2CON                             00000012
MPASM  5.34                      SEMAFORO.ASM   4-4-2011  21:16:26         PAGE  6


SYMBOL TABLE
  LABEL                             VALUE 

T3                                00000022
TEMPO                             0000002D
TEMPO_2S                          00000036
TMR0                              00000001
TMR1CS                            00000001
TMR1H                             0000000F
TMR1IE                            00000000
TMR1IF                            00000000
TMR1L                             0000000E
TMR1ON                            00000000
TMR2                              00000011
TMR2IE                            00000001
TMR2IF                            00000001
TMR2ON                            00000002
TOUTPS0                           00000003
TOUTPS1                           00000004
TOUTPS2                           00000005
TOUTPS3                           00000006
TRISA                             00000085
TRISB                             00000086
TRMT                              00000001
TX9                               00000006
TX9D                              00000000
TXEN                              00000005
TXIE                              00000004
TXIF                              00000004
TXREG                             00000019
TXSTA                             00000098
VD1                               PORTB,3
VD2                               PORTB,4
VM1                               PORTB,1
VM2                               PORTB,6
VR0                               00000000
VR1                               00000001
VR2                               00000002
VR3                               00000003
VRCON                             0000009F
VREN                              00000007
VROE                              00000006
VRR                               00000005
W                                 00000000
WR                                00000001
WREN                              00000002
WRERR                             00000003
Z                                 00000002
_BODEN_OFF                        00003FBF
_BODEN_ON                         00003FFF
_BOREN_OFF                        00003FBF
_BOREN_ON                         00003FFF
_CP_OFF                           00003FFF
_CP_ON                            00001FFF
_DATA_CP_OFF                      00003FFF
_DATA_CP_ON                       00003EFF
MPASM  5.34                      SEMAFORO.ASM   4-4-2011  21:16:26         PAGE  7


SYMBOL TABLE
  LABEL                             VALUE 

_ER_OSC_CLKOUT                    00003FFF
_ER_OSC_NOCLKOUT                  00003FFE
_EXTCLK_OSC                       00003FEF
_HS_OSC                           00003FEE
_INTOSC_OSC_CLKOUT                00003FFD
_INTOSC_OSC_NOCLKOUT              00003FFC
_INTRC_OSC_CLKOUT                 00003FFD
_INTRC_OSC_NOCLKOUT               00003FFC
_LP_OSC                           00003FEC
_LVP_OFF                          00003F7F
_LVP_ON                           00003FFF
_MCLRE_OFF                        00003FDF
_MCLRE_ON                         00003FFF
_PWRTE_OFF                        00003FFF
_PWRTE_ON                         00003FF7
_RC_OSC_CLKOUT                    00003FFF
_RC_OSC_NOCLKOUT                  00003FFE
_WDT_OFF                          00003FFB
_WDT_ON                           00003FFF
_XT_OSC                           00003FED
__16F628A                         00000001


MEMORY USAGE MAP ('X' = Used,  '-' = Unused)

0000 : X---XXXXXXXXXXXX XXXXXXXXXXXXXXXX XXXXXXXXXXXXXXXX XXXXXXXXXXXXXXXX
0040 : XXXXXXXXXXXXXX-- ---------------- ---------------- ----------------
2000 : -------X-------- ---------------- ---------------- ----------------

All other memory blocks unused.

Program Memory Words Used:    75
Program Memory Words Free:  1973


Errors   :     0
Warnings :     0 reported,     0 suppressed
Messages :     0 reported,     2 suppressed

